// Jest Snapshot v1, https://goo.gl/fbAQLP

exports[`Indecision Component debe de hacer math con el snapshot 1`] = `
<!--v-if-->
<div class="bg dark"></div>
<div class="indecision-container"><input type="text" placeholder="Haze una pregunta">
  <p> Recuerda terminar con unsigno de interrogacion(?)</p>
  <!--v-if-->
</div>
`;
